============================= test session starts =============================
platform win32 -- Python 3.13.5, pytest-9.0.2, pluggy-1.6.0 -- C:\Users\ASMIT\.gemini\antigravity\scratch\chunkscope\backend\venv\Scripts\python.exe
cachedir: .pytest_cache
rootdir: C:\Users\ASMIT\.gemini\antigravity\scratch\chunkscope\backend
configfile: pytest.ini
plugins: anyio-4.12.1, asyncio-1.3.0
asyncio: mode=Mode.AUTO, debug=False, asyncio_default_fixture_loop_scope=None, asyncio_default_test_loop_scope=function
collecting ... collected 0 items / 1 error

=================================== ERRORS ====================================
_____________ ERROR collecting tests/test_embedding_providers.py ______________
ImportError while importing test module 'C:\Users\ASMIT\.gemini\antigravity\scratch\chunkscope\backend\tests\test_embedding_providers.py'.
Hint: make sure your test modules/packages have valid Python names.
Traceback:
C:\Users\ASMIT\AppData\Local\Programs\Python\Python313\Lib\importlib\__init__.py:88: in import_module
    return _bootstrap._gcd_import(name[level:], package, level)
           ^^^^^^^^^^^^^^^^^^^^^^^^^^^^^^^^^^^^^^^^^^^^^^^^^^^^
tests\test_embedding_providers.py:4: in <module>
    from app.services.embeddings import get_embedder, OpenAIEmbedder, LocalHuggingFaceEmbedder
app\services\embeddings\__init__.py:2: in <module>
    from .openai_embedder import OpenAIEmbedder
app\services\embeddings\openai_embedder.py:5: in <module>
    from openai import AsyncOpenAI
E   ModuleNotFoundError: No module named 'openai'
------------------------------- Captured stdout -------------------------------
2026-02-12 22:08:50 [info     ] cors_origins_configured        origins=['http://localhost:8001', 'http://127.0.0.1:8001', 'http://localhost:5000', 'http://127.0.0.1:5000', 'http://localhost:3000', 'http://localhost:3001', 'http://localhost:3002', 'http://localhost:3003', 'http://localhost:5173']

=== REGISTERED ROUTES ===
  /api/openapi.json - {'HEAD', 'GET'}
  /api/docs - {'HEAD', 'GET'}
  /docs/oauth2-redirect - {'HEAD', 'GET'}
  /api/redoc - {'HEAD', 'GET'}
  /static - set()
  /api/v1/health - {'GET'}
  /api/v1/health/ready - {'GET'}
  /api/v1/auth/register - {'POST'}
  /api/v1/auth/login - {'POST'}
  /api/v1/auth/refresh - {'POST'}
  /api/v1/auth/me - {'GET'}
  /api/v1/analyze - {'POST'}
  /api/v1/pipelines - {'GET'}
  /api/v1/pipelines - {'POST'}
  /api/v1/pipelines/{pipeline_id} - {'GET'}
  /api/v1/pipelines/{pipeline_id} - {'PATCH'}
  /api/v1/pipelines/{pipeline_id} - {'DELETE'}
  /api/v1/pipelines/{pipeline_id}/execute - {'POST'}
  /api/v1/pipelines/{pipeline_id}/executions - {'GET'}
  /api/v1/presets/initialize - {'POST'}
  /api/v1/presets - {'GET'}
  /api/v1/presets/{preset_id} - {'GET'}
  /api/v1/presets/{preset_id}/apply - {'POST'}
  /api/v1/documents/upload - {'POST'}
  /api/v1/documents - {'GET'}
  /api/v1/documents/{document_id}/content - {'GET'}
  /api/v1/documents/{document_id} - {'GET'}
  /api/v1/documents/{document_id} - {'DELETE'}
  /api/v1/chunks/visualize - {'POST'}
  /api/v1/chunks/document/{document_id} - {'GET'}
  /api/v1/chunks/{chunk_id} - {'GET'}
  /api/v1/chunks/search/similar - {'GET'}
  /api/v1/evaluations - {'POST'}
  /api/v1/evaluations - {'GET'}
  /api/v1/evaluations/{evaluation_id} - {'GET'}
  /api/v1/evaluations/{evaluation_id}/results - {'GET'}
  /api/v1/evaluations/{evaluation_id} - {'DELETE'}
  /api/v1/config/analyze-document - {'POST'}
  /api/v1/config/validate-pipeline - {'POST'}
  / - {'GET'}
=========================

2026-02-12 22:08:50 [info     ] cors_origins_configured        origins=['http://localhost:8001', 'http://127.0.0.1:8001', 'http://localhost:5000', 'http://127.0.0.1:5000', 'http://localhost:3000', 'http://localhost:3001', 'http://localhost:3002', 'http://localhost:3003', 'http://localhost:5173']

=== REGISTERED ROUTES ===
  /api/openapi.json - {'HEAD', 'GET'}
  /api/docs - {'HEAD', 'GET'}
  /docs/oauth2-redirect - {'HEAD', 'GET'}
  /api/redoc - {'HEAD', 'GET'}
  /static - set()
  /api/v1/health - {'GET'}
  /api/v1/health/ready - {'GET'}
  /api/v1/auth/register - {'POST'}
  /api/v1/auth/login - {'POST'}
  /api/v1/auth/refresh - {'POST'}
  /api/v1/auth/me - {'GET'}
  /api/v1/analyze - {'POST'}
  /api/v1/pipelines - {'GET'}
  /api/v1/pipelines - {'POST'}
  /api/v1/pipelines/{pipeline_id} - {'GET'}
  /api/v1/pipelines/{pipeline_id} - {'PATCH'}
  /api/v1/pipelines/{pipeline_id} - {'DELETE'}
  /api/v1/pipelines/{pipeline_id}/execute - {'POST'}
  /api/v1/pipelines/{pipeline_id}/executions - {'GET'}
  /api/v1/presets/initialize - {'POST'}
  /api/v1/presets - {'GET'}
  /api/v1/presets/{preset_id} - {'GET'}
  /api/v1/presets/{preset_id}/apply - {'POST'}
  /api/v1/documents/upload - {'POST'}
  /api/v1/documents - {'GET'}
  /api/v1/documents/{document_id}/content - {'GET'}
  /api/v1/documents/{document_id} - {'GET'}
  /api/v1/documents/{document_id} - {'DELETE'}
  /api/v1/chunks/visualize - {'POST'}
  /api/v1/chunks/document/{document_id} - {'GET'}
  /api/v1/chunks/{chunk_id} - {'GET'}
  /api/v1/chunks/search/similar - {'GET'}
  /api/v1/evaluations - {'POST'}
  /api/v1/evaluations - {'GET'}
  /api/v1/evaluations/{evaluation_id} - {'GET'}
  /api/v1/evaluations/{evaluation_id}/results - {'GET'}
  /api/v1/evaluations/{evaluation_id} - {'DELETE'}
  /api/v1/config/analyze-document - {'POST'}
  /api/v1/config/validate-pipeline - {'POST'}
  / - {'GET'}
=========================

============================== warnings summary ===============================
app\schemas\document.py:29
  C:\Users\ASMIT\.gemini\antigravity\scratch\chunkscope\backend\app\schemas\document.py:29: PydanticDeprecatedSince20: Support for class-based `config` is deprecated, use ConfigDict instead. Deprecated in Pydantic V2.0 to be removed in V3.0. See Pydantic V2 Migration Guide at https://errors.pydantic.dev/2.12/migration/
    class DocumentResponse(BaseSchema, IDMixin, TimestampMixin):

app\schemas\document.py:44
  C:\Users\ASMIT\.gemini\antigravity\scratch\chunkscope\backend\app\schemas\document.py:44: PydanticDeprecatedSince20: Support for class-based `config` is deprecated, use ConfigDict instead. Deprecated in Pydantic V2.0 to be removed in V3.0. See Pydantic V2 Migration Guide at https://errors.pydantic.dev/2.12/migration/
    class DocumentDetailResponse(DocumentResponse):

app\schemas\document.py:61
  C:\Users\ASMIT\.gemini\antigravity\scratch\chunkscope\backend\app\schemas\document.py:61: PydanticDeprecatedSince20: Support for class-based `config` is deprecated, use ConfigDict instead. Deprecated in Pydantic V2.0 to be removed in V3.0. See Pydantic V2 Migration Guide at https://errors.pydantic.dev/2.12/migration/
    class ChunkResponse(BaseSchema, IDMixin):

-- Docs: https://docs.pytest.org/en/stable/how-to/capture-warnings.html
=========================== short test summary info ===========================
ERROR tests/test_embedding_providers.py
!!!!!!!!!!!!!!!!!!! Interrupted: 1 error during collection !!!!!!!!!!!!!!!!!!!!
======================== 3 warnings, 1 error in 0.29s =========================
