pytest : C:\Users\ASMIT\AppData\
Local\Programs\Python\Python313\
Lib\site-packages\pytest_asyncio
\plugin.py:207: 
PytestDeprecationWarning: The 
configuration option "asyncio_de
fault_fixture_loop_scope" is 
unset.
At line:1 char:1
+ pytest --tb=short 
tests/test_document_analyzer.py 
> test_failures.txt ...
+ ~~~~~~~~~~~~~~~~~~~~~~~~~~~~~~
~~~~~~~~~~~~~~~~~~~~~~~~~~~~~~~~
~~~~~~~
    + CategoryInfo          : N 
   otSpecified: (C:\Users\ASMI  
  T\...cope" is unset.:String   
 ) [], RemoteException
    + FullyQualifiedErrorId : N 
   ativeCommandError
 
The event loop scope for 
asynchronous fixtures will 
default to the fixture caching 
scope. Future versions of 
pytest-asyncio will default the 
loop scope for asynchronous 
fixtures to function scope. Set 
the default fixture loop scope 
explicitly in order to avoid 
unexpected behavior in the 
future. Valid fixture loop 
scopes are: "function", 
"class", "module", "package", 
"session"

  warnings.warn(PytestDeprecatio
nWarning(_DEFAULT_FIXTURE_LOOP_S
COPE_UNSET))
============================= test session starts =============================
platform win32 -- Python 3.13.5, pytest-8.3.0, pluggy-1.6.0 -- C:\Users\ASMIT\AppData\Local\Programs\Python\Python313\python.exe
cachedir: .pytest_cache
rootdir: C:\Users\ASMIT\.gemini\antigravity\scratch\chunkscope\backend
configfile: pytest.ini
plugins: anyio-4.9.0, asyncio-0.25.0
asyncio: mode=Mode.AUTO, asyncio_default_fixture_loop_scope=None
collecting ... collected 8 items

tests/test_document_analyzer.py::TestDocumentAnalyzer::test_analyze_legal_document PASSED [ 12%]
tests/test_document_analyzer.py::TestDocumentAnalyzer::test_analyze_code_documentation FAILED [ 25%]
tests/test_document_analyzer.py::TestDocumentAnalyzer::test_analyze_general_content PASSED [ 37%]
tests/test_document_analyzer.py::TestDocumentAnalyzer::test_structure_detection PASSED [ 50%]
tests/test_document_analyzer.py::TestDocumentAnalyzer::test_density_calculation PASSED [ 62%]
tests/test_document_analyzer.py::TestAnalysisAPI::test_analyzer_api_endpoint FAILED [ 75%]
tests/test_document_analyzer.py::TestAnalysisAPI::test_api_rejects_non_pdf FAILED [ 87%]
tests/test_document_analyzer.py::TestAnalysisAPI::test_performance_under_3_seconds PASSED [100%]

================================== FAILURES ===================================
____________ TestDocumentAnalyzer.test_analyze_code_documentation _____________
tests\test_document_analyzer.py:59: in test_analyze_code_documentation
    assert result["document_type"] in ["technical", "general"]
E   AssertionError: assert 'medical' in ['technical', 'general']
---------------------------- Captured stdout call -----------------------------
2026-02-12 19:29:37 [info     ] Analyzing document: C:\\Users\\ASMIT\\.gemini\\antigravity\\scratch\\chunkscope\\backend\\tests\\fixtures\\technical_docs.pdf\n2026-02-12 19:29:38 [info     ] pdf_extracted                  blocks=14 pages=1 path=C:\\Users\\ASMIT\\.gemini\\antigravity\\scratch\\chunkscope\\backend\\tests\\fixtures\\technical_docs.pdf tables=1 time_ms=57\n\u2713 PDF extraction complete in 0.06s\n2026-02-12 19:29:38 [info     ] PDF extraction took: 0.06s\n\u2192 Keyword classification inconclusive. Falling back to ML...\n\u2713 ML classification: medical (confidence: 0.2836366295814514) in 2.040s\n2026-02-12 19:29:40 [info     ] Classification took: 2.04s\n2026-02-12 19:29:40 [info     ] Structure analysis took: 0.00s\n2026-02-12 19:29:40 [info     ] Density analysis took: 0.00s\n2026-02-12 19:29:40 [info     ] Analysis complete in 2.10s: type=medical, confidence=0.28
_________________ TestAnalysisAPI.test_analyzer_api_endpoint __________________
tests\test_document_analyzer.py:156: in test_analyzer_api_endpoint
    assert response.status_code == 200
E   assert 404 == 200
E    +  where 404 = <Response [404 Not Found]>.status_code
---------------------------- Captured stdout call -----------------------------
2026-02-12 19:29:50 [info     ] cors_origins_configured        origins=['http://localhost:8001', 'http://127.0.0.1:8001', 'http://localhost:5000', 'http://127.0.0.1:5000', 'http://localhost:3000', 'http://localhost:3001', 'http://localhost:3002', 'http://localhost:3003', 'http://localhost:5173']

=== REGISTERED ROUTES ===
  /api/openapi.json - {'GET', 'HEAD'}
  /api/docs - {'GET', 'HEAD'}
  /docs/oauth2-redirect - {'GET', 'HEAD'}
  /api/redoc - {'GET', 'HEAD'}
  /api/v1/health - {'GET'}
  /api/v1/health/ready - {'GET'}
  /api/v1/auth/register - {'POST'}
  /api/v1/auth/login - {'POST'}
  /api/v1/auth/refresh - {'POST'}
  /api/v1/auth/me - {'GET'}
  /api/v1/analyze - {'POST'}
  /api/v1/pipelines - {'GET'}
  /api/v1/pipelines - {'POST'}
  /api/v1/pipelines/{pipeline_id} - {'GET'}
  /api/v1/pipelines/{pipeline_id} - {'PATCH'}
  /api/v1/pipelines/{pipeline_id} - {'DELETE'}
  /api/v1/pipelines/{pipeline_id}/execute - {'POST'}
  /api/v1/pipelines/{pipeline_id}/executions - {'GET'}
  /api/v1/presets/initialize - {'POST'}
  /api/v1/presets - {'GET'}
  /api/v1/presets/{preset_id} - {'GET'}
  /api/v1/presets/{preset_id}/apply - {'POST'}
  /api/v1/documents/upload - {'POST'}
  /api/v1/documents - {'GET'}
  /api/v1/documents/{document_id}/content - {'GET'}
  /api/v1/documents/{document_id} - {'GET'}
  /api/v1/documents/{document_id} - {'DELETE'}
  /api/v1/chunks/visualize - {'POST'}
  /api/v1/chunks/document/{document_id} - {'GET'}
  /api/v1/chunks/{chunk_id} - {'GET'}
  /api/v1/chunks/search/similar - {'GET'}
  /api/v1/evaluations - {'POST'}
  /api/v1/evaluations - {'GET'}
  /api/v1/evaluations/{evaluation_id} - {'GET'}
  /api/v1/evaluations/{evaluation_id}/results - {'GET'}
  /api/v1/evaluations/{evaluation_id} - {'DELETE'}
  /api/v1/config/analyze-document - {'POST'}
  /api/v1/config/validate-pipeline - {'POST'}
  / - {'GET'}
=========================

2026-02-12 19:29:50 [warning  ] request_completed              duration_ms=0.68 method=POST path=/api/v1/analyze/document request_id=3ba9bf07 status_code=404
__________________ TestAnalysisAPI.test_api_rejects_non_pdf ___________________
tests\test_document_analyzer.py:183: in test_api_rejects_non_pdf
    assert response.status_code == 400
E   assert 404 == 400
E    +  where 404 = <Response [404 Not Found]>.status_code
---------------------------- Captured stdout call -----------------------------
2026-02-12 19:29:50 [info     ] cors_origins_configured        origins=['http://localhost:8001', 'http://127.0.0.1:8001', 'http://localhost:5000', 'http://127.0.0.1:5000', 'http://localhost:3000', 'http://localhost:3001', 'http://localhost:3002', 'http://localhost:3003', 'http://localhost:5173']

=== REGISTERED ROUTES ===
  /api/openapi.json - {'GET', 'HEAD'}
  /api/docs - {'GET', 'HEAD'}
  /docs/oauth2-redirect - {'GET', 'HEAD'}
  /api/redoc - {'GET', 'HEAD'}
  /api/v1/health - {'GET'}
  /api/v1/health/ready - {'GET'}
  /api/v1/auth/register - {'POST'}
  /api/v1/auth/login - {'POST'}
  /api/v1/auth/refresh - {'POST'}
  /api/v1/auth/me - {'GET'}
  /api/v1/analyze - {'POST'}
  /api/v1/pipelines - {'GET'}
  /api/v1/pipelines - {'POST'}
  /api/v1/pipelines/{pipeline_id} - {'GET'}
  /api/v1/pipelines/{pipeline_id} - {'PATCH'}
  /api/v1/pipelines/{pipeline_id} - {'DELETE'}
  /api/v1/pipelines/{pipeline_id}/execute - {'POST'}
  /api/v1/pipelines/{pipeline_id}/executions - {'GET'}
  /api/v1/presets/initialize - {'POST'}
  /api/v1/presets - {'GET'}
  /api/v1/presets/{preset_id} - {'GET'}
  /api/v1/presets/{preset_id}/apply - {'POST'}
  /api/v1/documents/upload - {'POST'}
  /api/v1/documents - {'GET'}
  /api/v1/documents/{document_id}/content - {'GET'}
  /api/v1/documents/{document_id} - {'GET'}
  /api/v1/documents/{document_id} - {'DELETE'}
  /api/v1/chunks/visualize - {'POST'}
  /api/v1/chunks/document/{document_id} - {'GET'}
  /api/v1/chunks/{chunk_id} - {'GET'}
  /api/v1/chunks/search/similar - {'GET'}
  /api/v1/evaluations - {'POST'}
  /api/v1/evaluations - {'GET'}
  /api/v1/evaluations/{evaluation_id} - {'GET'}
  /api/v1/evaluations/{evaluation_id}/results - {'GET'}
  /api/v1/evaluations/{evaluation_id} - {'DELETE'}
  /api/v1/config/analyze-document - {'POST'}
  /api/v1/config/validate-pipeline - {'POST'}
  / - {'GET'}
=========================

2026-02-12 19:29:50 [warning  ] request_completed              duration_ms=0.49 method=POST path=/api/v1/analyze/document request_id=6cf33fa5 status_code=404
============================== warnings summary ===============================
..\..\..\..\..\AppData\Local\Programs\Python\Python313\Lib\site-packages\starlette\formparsers.py:12
  C:\Users\ASMIT\AppData\Local\Programs\Python\Python313\Lib\site-packages\starlette\formparsers.py:12: PendingDeprecationWarning: Please use `import python_multipart` instead.
    import multipart

..\..\..\..\..\AppData\Local\Programs\Python\Python313\Lib\site-packages\pydantic\_internal\_config.py:295
..\..\..\..\..\AppData\Local\Programs\Python\Python313\Lib\site-packages\pydantic\_internal\_config.py:295
..\..\..\..\..\AppData\Local\Programs\Python\Python313\Lib\site-packages\pydantic\_internal\_config.py:295
  C:\Users\ASMIT\AppData\Local\Programs\Python\Python313\Lib\site-packages\pydantic\_internal\_config.py:295: PydanticDeprecatedSince20: Support for class-based `config` is deprecated, use ConfigDict instead. Deprecated in Pydantic V2.0 to be removed in V3.0. See Pydantic V2 Migration Guide at https://errors.pydantic.dev/2.10/migration/
    warnings.warn(DEPRECATION_MESSAGE, DeprecationWarning)

tests/test_document_analyzer.py::TestDocumentAnalyzer::test_analyze_legal_document
  C:\Users\ASMIT\AppData\Local\Programs\Python\Python313\Lib\site-packages\pytest_asyncio\plugin.py:854: DeprecationWarning: The event_loop fixture provided by pytest-asyncio has been redefined in
  C:\Users\ASMIT\.gemini\antigravity\scratch\chunkscope\backend\tests\conftest.py:46
  Replacing the event_loop fixture with a custom implementation is deprecated
  and will lead to errors in the future.
  If you want to request an asyncio event loop with a scope other than function
  scope, use the "scope" argument to the asyncio mark when marking the tests.
  If you want to return different types of event loops, use the event_loop_policy
  fixture.
  
    warnings.warn(

tests/test_document_analyzer.py::TestDocumentAnalyzer::test_analyze_legal_document
  C:\Users\ASMIT\AppData\Local\Programs\Python\Python313\Lib\site-packages\transformers\models\roberta\tokenization_roberta.py:144: DeprecationWarning: Deprecated in 0.9.0: BPE.__init__ will not create from files anymore, try `BPE.from_file` instead
    BPE(

-- Docs: https://docs.pytest.org/en/stable/how-to/capture-warnings.html
=========================== short test summary info ===========================
FAILED tests/test_document_analyzer.py::TestDocumentAnalyzer::test_analyze_code_documentation
FAILED tests/test_document_analyzer.py::TestAnalysisAPI::test_analyzer_api_endpoint
FAILED tests/test_document_analyzer.py::TestAnalysisAPI::test_api_rejects_non_pdf
================== 3 failed, 5 passed, 6 warnings in 30.78s ===================
